Microchip MPLAB XC8 Compiler V2.40

Linker command line:

-W-3 \
  --edf=C:\Program Files\Microchip\xc8\v2.40\pic\dat\20220703182018_en.msgs \
  -cn -h+dist/default/production\code.production.sym \
  --cmf=dist/default/production\code.production.cmf -z -Q18F25K80 \
  -oC:\Users\Yassine\AppData\Local\Temp\xcAs2ns.4 --defsym=__MPLAB_BUILD=1 \
  --fixupoverflow=error -Mdist/default/production/code.production.map \
  --md=C:\Users\Yassine\AppData\Local\Temp\xcAs2ns.dat -E1 \
  -ver=XC8 Compiler --acfsm=1493 -ACODE=00h-07FFFh -ACONST=00h-07FFFh \
  -ASMALLCONST=01000h-010FFhx112 -AMEDIUMCONST=01000h-07FFFh \
  -ACOMRAM=01h-05Fh -AABS1=00h-0E40h -ABIGRAM=01h-0E40h \
  -ARAM=060h-0FFh,0100h-01FFhx13,0E00h-0E40h -ABANK0=060h-0FFh \
  -ABANK1=0100h-01FFh -ABANK2=0200h-02FFh -ABANK3=0300h-03FFh \
  -ABANK4=0400h-04FFh -ABANK5=0500h-05FFh -ABANK6=0600h-06FFh \
  -ABANK7=0700h-07FFh -ABANK8=0800h-08FFh -ABANK9=0900h-09FFh \
  -ABANK10=0A00h-0AFFh -ABANK11=0B00h-0BFFh -ABANK12=0C00h-0CFFh \
  -ABANK13=0D00h-0DFFh -ABANK14=0E00h-0E40h \
  -ASFR=0E41h-0EFFh,0F00h-0F5Fh,0F60h-0FFFh -ABIGSFR=0E41h-0FFFh \
  -ACONFIG=0300000h-030000Dh -AIDLOC=0200000h-0200007h \
  -AEEDATA=0F00000h-0F003FFh -peeprom_data=EEDATA \
  -preset_vec=00h,intcode=08h,intcodelo,powerup,init -pramtop=01000h \
  -psmallconst=SMALLCONST -pmediumconst=MEDIUMCONST -pconst=CONST \
  -AFARRAM=00h-00h \
  -prdata=COMRAM,nvrram=COMRAM,nvbit=COMRAM,rbss=COMRAM,rbit=COMRAM \
  -pfarbss=FARRAM,fardata=FARRAM,nvFARRAM=FARRAM \
  -pintsave_regs=BIGRAM,bigbss=BIGRAM,bigdata=BIGRAM -pbss=RAM \
  -pidata=CODE,irdata=CODE,ibigdata=CODE,ifardata=CODE -prparam=COMRAM \
  C:\Users\Yassine\AppData\Local\Temp\xcAs2ns.o \
  dist/default/production\code.production.o 

Object code version is 3.11

Machine type is 18F25K80



                Name                               Link     Load   Length Selector   Space Scale
C:\Users\Yassine\AppData\Local\Temp\xcAs2ns.o
                idloc                            200000   200000        8        0       5
                config                           300000   300000        E        0       4
                init                                 6C       6C        4        4       0
                reset_vec                             0        0        4        0       0
dist/default/production\code.production.o
                intcode                               8        8       64        4       0
                idloc                            200000   200000        8        0       5
                config                           300000   300000        E        0       4
                temp                                 52       52        1        1       1
                smallconst                         1000     1000       22      800       0
                text63                             1A60     1A60        4      811       0
                text62                             1A5C     1A5C        4      811       0
                text61                             1A58     1A58        4      811       0
                text60                             1862     1862       2A      811       0
                text59                             1A54     1A54        4      811       0
                text58                             1A50     1A50        4      811       0
                text57                             1A4C     1A4C        4      811       0
                text56                             18D6     18D6       22      811       0
                text55                             134C     134C       7A      811       0
                text54                             1914     1914       18      811       0
                text53                             1836     1836       2C      811       0
                text52                             180A     180A       2C      811       0
                text51                             17DE     17DE       2C      811       0
                text50                             17B2     17B2       2C      811       0
                text49                             1786     1786       2C      811       0
                text48                             164C     164C       40      811       0
                text47                             175A     175A       2C      811       0
                text46                             172E     172E       2C      811       0
                text45                             1702     1702       2C      811       0
                text44                             160C     160C       40      811       0
                text43                             1A48     1A48        4      811       0
                text42                             1A44     1A44        4      811       0
                text41                             1A40     1A40        4      811       0
                text40                             1A32     1A32        6      811       0
                text39                             1A3C     1A3C        4      811       0
                text38                             1A2C     1A2C        6      811       0
                text37                             1A24     1A24        8      811       0
                text36                             1942     1942       14      811       0
                text35                             1A38     1A38        4      811       0
                text34                             12D0     12D0       7C      811       0
                text33                             19E2     19E2        A      811       0
                text32                             19A2     19A2        E      811       0
                text31                             1994     1994        E      811       0
                text30                             1022     1022       C4      811       0
                text29                             119E     119E       A6      811       0
                text28                             19D8     19D8        A      811       0
                text27                             1A1C     1A1C        8      811       0
                text26                             1A14     1A14        8      811       0
                text25                             1A0C     1A0C        8      811       0
                text24                             1A04     1A04        8      811       0
                text23                             19FC     19FC        8      811       0
                text22                             19F4     19F4        8      811       0
                text21                             19EC     19EC        8      811       0
                text20                             19CE     19CE        A      811       0
                text19                             14A8     14A8       6A      811       0
                text18                             156E     156E       5C      811       0
                text17                             1968     1968       10      811       0
                text16                             18F8     18F8       1C      811       0
                text15                             15CA     15CA       42      811       0
                text14                             18B4     18B4       22      811       0
                text13                             1244     1244       8C      811       0
                text12                             10E6     10E6       B8      811       0
                text11                             143A     143A       6E      811       0
                text10                             192C     192C       16      811       0
                text9                              1986     1986        E      811       0
                text8                              1512     1512       5C      811       0
                text7                              19C4     19C4        A      811       0
                text6                              19BA     19BA        A      811       0
                text5                              19B0     19B0        A      811       0
                text4                              168C     168C       3E      811       0
                text3                              1956     1956       12      811       0
                text2                              188C     188C       28      811       0
                text1                              1978     1978        E      811       0
                text0                              13C6     13C6       74      811       0
                cstackCOMRAM                         2F       2F       1A        1       1
                dataCOMRAM                           4F       4F        3        1       1
                bssCOMRAM                             1        1       2E        1       1
                cinit                              16CA     16CA       38      811       0
                nvCOMRAM                             49       49        6        1       1
                idataCOMRAM                        1A64     1A64        3      811       0

TOTAL           Name                               Link     Load   Length     Space
        CLASS   CODE           
                intcode                               8        8       64         0
                init                                 6C       6C        4         0
                reset_vec                             0        0        4         0
                text63                             1A60     1A60        4         0
                text62                             1A5C     1A5C        4         0
                text61                             1A58     1A58        4         0
                text60                             1862     1862       2A         0
                text59                             1A54     1A54        4         0
                text58                             1A50     1A50        4         0
                text57                             1A4C     1A4C        4         0
                text56                             18D6     18D6       22         0
                text55                             134C     134C       7A         0
                text54                             1914     1914       18         0
                text53                             1836     1836       2C         0
                text52                             180A     180A       2C         0
                text51                             17DE     17DE       2C         0
                text50                             17B2     17B2       2C         0
                text49                             1786     1786       2C         0
                text48                             164C     164C       40         0
                text47                             175A     175A       2C         0
                text46                             172E     172E       2C         0
                text45                             1702     1702       2C         0
                text44                             160C     160C       40         0
                text43                             1A48     1A48        4         0
                text42                             1A44     1A44        4         0
                text41                             1A40     1A40        4         0
                text40                             1A32     1A32        6         0
                text39                             1A3C     1A3C        4         0
                text38                             1A2C     1A2C        6         0
                text37                             1A24     1A24        8         0
                text36                             1942     1942       14         0
                text35                             1A38     1A38        4         0
                text34                             12D0     12D0       7C         0
                text33                             19E2     19E2        A         0
                text32                             19A2     19A2        E         0
                text31                             1994     1994        E         0
                text30                             1022     1022       C4         0
                text29                             119E     119E       A6         0
                text28                             19D8     19D8        A         0
                text27                             1A1C     1A1C        8         0
                text26                             1A14     1A14        8         0
                text25                             1A0C     1A0C        8         0
                text24                             1A04     1A04        8         0
                text23                             19FC     19FC        8         0
                text22                             19F4     19F4        8         0
                text21                             19EC     19EC        8         0
                text20                             19CE     19CE        A         0
                text19                             14A8     14A8       6A         0
                text18                             156E     156E       5C         0
                text17                             1968     1968       10         0
                text16                             18F8     18F8       1C         0
                text15                             15CA     15CA       42         0
                text14                             18B4     18B4       22         0
                text13                             1244     1244       8C         0
                text12                             10E6     10E6       B8         0
                text11                             143A     143A       6E         0
                text10                             192C     192C       16         0
                text9                              1986     1986        E         0
                text8                              1512     1512       5C         0
                text7                              19C4     19C4        A         0
                text6                              19BA     19BA        A         0
                text5                              19B0     19B0        A         0
                text4                              168C     168C       3E         0
                text3                              1956     1956       12         0
                text2                              188C     188C       28         0
                text1                              1978     1978        E         0
                text0                              13C6     13C6       74         0
                cinit                              16CA     16CA       38         0
                idataCOMRAM                        1A64     1A64        3         0

        CLASS   CONST          

        CLASS   SMALLCONST     
                smallconst                         1000     1000       22         0

        CLASS   MEDIUMCONST    

        CLASS   COMRAM         
                temp                                 52       52        1         1
                cstackCOMRAM                         2F       2F       1A         1
                dataCOMRAM                           4F       4F        3         1
                bssCOMRAM                             1        1       2E         1
                nvCOMRAM                             49       49        6         1

        CLASS   ABS1           

        CLASS   BIGRAM         

        CLASS   RAM            

        CLASS   BANK0          

        CLASS   BANK1          

        CLASS   BANK2          

        CLASS   BANK3          

        CLASS   BANK4          

        CLASS   BANK5          

        CLASS   BANK6          

        CLASS   BANK7          

        CLASS   BANK8          

        CLASS   BANK9          

        CLASS   BANK10         

        CLASS   BANK11         

        CLASS   BANK12         

        CLASS   BANK13         

        CLASS   BANK14         

        CLASS   SFR            

        CLASS   BIGSFR         

        CLASS   CONFIG         
                config                           300000   300000        E         4

        CLASS   IDLOC          
                idloc                            200000   200000        8         5

        CLASS   EEDATA         

        CLASS   FARRAM         

        CLASS   HEAP           

        CLASS   STACK          



SEGMENTS        Name                           Load    Length   Top    Selector   Space  Class

                reset_vec                      000000  000004  000004         0       0  CODE    
                bssCOMRAM                      000001  000052  000053         1       1  COMRAM  
                intcode                        000008  000068  000070         4       0  CODE    
                smallconst                     001000  000022  001022       800       0  SMALLCON
                text30                         001022  000A45  001A67       811       0  CODE    


UNUSED ADDRESS RANGES

        Name                Unused          Largest block    Delta
        BANK0            000060-0000FF               A0
        BANK1            000100-0001FF              100
        BANK10           000A00-000AFF              100
        BANK11           000B00-000BFF              100
        BANK12           000C00-000CFF              100
        BANK13           000D00-000DFF              100
        BANK14           000E00-000E40               41
        BANK2            000200-0002FF              100
        BANK3            000300-0003FF              100
        BANK4            000400-0004FF              100
        BANK5            000500-0005FF              100
        BANK6            000600-0006FF              100
        BANK7            000700-0007FF              100
        BANK8            000800-0008FF              100
        BANK9            000900-0009FF              100
        BIGRAM           000053-000E40              DEE
        BIGSFR           000E41-000FFF              1BF
        CODE             000004-000007                4
                         000070-000FFF              F90
                         001A67-007FFF             6599
        COMRAM           000053-00005F                D
        CONST            000004-000007                4
                         000070-000FFF              F90
                         001A67-007FFF             6599
        EEDATA           F00000-F003FF              400
        MEDIUMCONST      001A67-007FFF             6599
        RAM              000060-000E40              100
        SFR              000E41-000FFF               BF
        SMALLCONST       001A67-007FFF              100

                                  Symbol Table

EEPROM_Read@addr                                         cstackCOMRAM 00003E
EEPROM_Read@addrBuffer                                   cstackCOMRAM 000044
EEPROM_Read@buffer                                       cstackCOMRAM 000040
EEPROM_Read@length                                       cstackCOMRAM 000042
EEPROM_Write@addr                                        cstackCOMRAM 00003E
EEPROM_Write@buffer                                      cstackCOMRAM 000042
EEPROM_Write@data                                        cstackCOMRAM 000040
EUSART1_SetErrorHandler@interruptHandler                 cstackCOMRAM 00002F
EUSART1_SetFramingErrorHandler@interruptHandler          cstackCOMRAM 00002F
EUSART1_SetOverrunErrorHandler@interruptHandler          cstackCOMRAM 00002F
EUSART1_Write@txData                                     cstackCOMRAM 00002F
I2C_CallbackReturnReset@funPtr                           cstackCOMRAM 000038
I2C_Close@returnValue                                    cstackCOMRAM 00002F
I2C_MasterOperation@read                                 cstackCOMRAM 00003C
I2C_MasterOperation@returnValue                          cstackCOMRAM 00003D
I2C_MasterSendTxData@data                                cstackCOMRAM 00002F
I2C_Open@address                                         cstackCOMRAM 00002F
I2C_Open@returnValue                                     cstackCOMRAM 000030
I2C_SetBuffer@buffer                                     cstackCOMRAM 00002F
I2C_SetBuffer@bufferSize                                 cstackCOMRAM 000031
I2C_SetCallback@cb                                       cstackCOMRAM 00002F
I2C_SetCallback@idx                                      cstackCOMRAM 000033
I2C_SetCallback@ptr                                      cstackCOMRAM 000031
I2C_SetDataCompleteCallback@cb                           cstackCOMRAM 000034
I2C_SetDataCompleteCallback@ptr                          cstackCOMRAM 000036
LCD_Write@length                                         cstackCOMRAM 000040
LCD_Write@message                                        cstackCOMRAM 00003E
_ANCON0                                                  (abs)        000F5D
_ANCON1                                                  (abs)        000F5C
_BAUDCON1                                                (abs)        000FA7
_CCP2CON                                                 (abs)        000F50
_CCP2_CallBack                                           bssCOMRAM    00002A
_CCP2_DefaultCallBack                                    (abs)        000000
_CCPR2H                                                  (abs)        000F52
_CCPR2L                                                  (abs)        000F51
_CCPTMRSbits                                             (abs)        000F99
_EEPROM_Read                                             text12       0010E6
_EEPROM_Write                                            text11       00143A
_EUSART1_DefaultErrorHandler                             (abs)        000000
_EUSART1_DefaultFramingErrorHandler                      (abs)        000000
_EUSART1_DefaultOverrunErrorHandler                      (abs)        000000
_EUSART1_ErrorHandler                                    nvCOMRAM     000049
_EUSART1_FramingErrorHandler                             nvCOMRAM     00004D
_EUSART1_Initialize                                      text4        00168C
_EUSART1_OverrunErrorHandler                             nvCOMRAM     00004B
_EUSART1_SetErrorHandler                                 text7        0019C4
_EUSART1_SetFramingErrorHandler                          text6        0019BA
_EUSART1_SetOverrunErrorHandler                          text5        0019B0
_EUSART1_Write                                           text10       00192C
_I2C_CallbackReturnReset                                 text42       001A44
_I2C_CallbackReturnStop                                  text43       001A48
_I2C_Close                                               text60       001862
_I2C_DO_ADDRESS_NACK                                     text19       0014A8
_I2C_DO_IDLE                                             text33       0019E2
_I2C_DO_RCEN                                             text28       0019D8
_I2C_DO_RESET                                            text20       0019CE
_I2C_DO_RX                                               text29       00119E
_I2C_DO_RX_ACK                                           text23       0019FC
_I2C_DO_RX_NACK_RESTART                                  text21       0019EC
_I2C_DO_RX_NACK_STOP                                     text22       0019F4
_I2C_DO_SEND_ADR_READ                                    text32       0019A2
_I2C_DO_SEND_ADR_WRITE                                   text31       001994
_I2C_DO_SEND_RESTART                                     text25       001A0C
_I2C_DO_SEND_RESTART_READ                                text27       001A1C
_I2C_DO_SEND_RESTART_WRITE                               text26       001A14
_I2C_DO_SEND_STOP                                        text24       001A04
_I2C_DO_TX                                               text30       001022
_I2C_DO_TX_EMPTY                                         text34       0012D0
_I2C_MasterClearIrq                                      text63       001A60
_I2C_MasterClose                                         text62       001A5C
_I2C_MasterDisableIrq                                    text61       001A58
_I2C_MasterEnableRestart                                 text58       001A50
_I2C_MasterFsm                                           text18       00156E
_I2C_MasterGetRxData                                     text39       001A3C
_I2C_MasterIsNack                                        text36       001942
_I2C_MasterOpen                                          text14       0018B4
_I2C_MasterOperation                                     text15       0015CA
_I2C_MasterSendAck                                       text38       001A2C
_I2C_MasterSendNack                                      text40       001A32
_I2C_MasterSendTxData                                    text37       001A24
_I2C_MasterSetIrq                                        text35       001A38
_I2C_MasterStart                                         text59       001A54
_I2C_MasterStartRx                                       text41       001A40
_I2C_MasterStop                                          text57       001A4C
_I2C_MasterWaitForEvent                                  text17       001968
_I2C_Open                                                text13       001244
_I2C_Poller                                              text16       0018F8
_I2C_SetBuffer                                           text56       0018D6
_I2C_SetCallback                                         text55       00134C
_I2C_SetDataCompleteCallback                             text54       001914
_I2C_Status                                              bssCOMRAM    000001
_INTCON2bits                                             (abs)        000FF1
_INTCONbits                                              (abs)        000FF2
_INTERRUPT_InterruptManager                              intcode      000008
_LATA                                                    (abs)        000F89
_LATB                                                    (abs)        000F8A
_LATC                                                    (abs)        000F8B
_LCD_Clear                                               text9        001986
_LCD_Write                                               text8        001512
_OSCCON                                                  (abs)        000FD3
_OSCCON2                                                 (abs)        000FD2
_OSCILLATOR_Initialize                                   text3        001956
_OSCTUNE                                                 (abs)        000F9B
_PIE1bits                                                (abs)        000F9D
_PIE3bits                                                (abs)        000FA3
_PIN_MANAGER_Initialize                                  text2        00188C
_PIR1bits                                                (abs)        000F9E
_PIR2bits                                                (abs)        000FA1
_PIR3bits                                                (abs)        000FA4
_RCONbits                                                (abs)        000FD0
_RCREG1                                                  (abs)        000FAE
_RCSTA1                                                  (abs)        000FAB
_RCSTA1bits                                              (abs)        000FAB
_REFOCON                                                 (abs)        000F9A
_SPBRG1                                                  (abs)        000FAF
_SPBRGH1                                                 (abs)        000F7D
_SSPADD                                                  (abs)        000FC8
_SSPBUF                                                  (abs)        000FC9
_SSPCON1                                                 (abs)        000FC6
_SSPCON1bits                                             (abs)        000FC6
_SSPCON2                                                 (abs)        000FC5
_SSPCON2bits                                             (abs)        000FC5
_SSPSTAT                                                 (abs)        000FC7
_SSPSTATbits                                             (abs)        000FC7
_SYSTEM_Initialize                                       text1        001978
_T1CON                                                   (abs)        000FCD
_T1CONbits                                               (abs)        000FCD
_T1GCON                                                  (abs)        000FAA
_T1GCONbits                                              (abs)        000FAA
_TMR1H                                                   (abs)        000FCF
_TMR1L                                                   (abs)        000FCE
_TRISA                                                   (abs)        000F92
_TRISB                                                   (abs)        000F93
_TRISC                                                   (abs)        000F94
_TXREG1                                                  (abs)        000FAD
_TXSTA1                                                  (abs)        000FAC
_TXSTA1bits                                              (abs)        000FAC
_WPUB                                                    (abs)        000F5B
__HRAM                                                   (abs)        000000
__Habs1                                                  abs1         000000
__Hbank0                                                 bank0        000000
__Hbank1                                                 bank1        000000
__Hbank10                                                bank10       000000
__Hbank11                                                bank11       000000
__Hbank12                                                bank12       000000
__Hbank13                                                bank13       000000
__Hbank14                                                bank14       000000
__Hbank2                                                 bank2        000000
__Hbank3                                                 bank3        000000
__Hbank4                                                 bank4        000000
__Hbank5                                                 bank5        000000
__Hbank6                                                 bank6        000000
__Hbank7                                                 bank7        000000
__Hbank8                                                 bank8        000000
__Hbank9                                                 bank9        000000
__Hbigbss                                                bigbss       000000
__Hbigdata                                               bigdata      000000
__Hbigram                                                bigram       000000
__Hbigsfr                                                bigsfr       000000
__Hbss                                                   bss          000000
__HbssCOMRAM                                             bssCOMRAM    000000
__Hcinit                                                 cinit        000000
__Hclrtext                                               clrtext      000000
__Hcomram                                                comram       000000
__Hconfig                                                config       30000E
__Hconst                                                 const        000000
__HcstackCOMRAM                                          cstackCOMRAM 000000
__Hdata                                                  data         000000
__HdataCOMRAM                                            dataCOMRAM   000000
__Heeprom_data                                           eeprom_data  000000
__Hfarbss                                                farbss       000000
__Hfardata                                               fardata      000000
__Hheap                                                  heap         000000
__Hibigdata                                              ibigdata     000000
__Hidata                                                 idata        000000
__HidataCOMRAM                                           idataCOMRAM  000000
__Hidloc                                                 idloc        200008
__Hifardata                                              ifardata     000000
__Hinit                                                  init         000070
__Hintcode                                               intcode      00006C
__Hintcode_body                                          intcode_body 000000
__Hintcodelo                                             intcodelo    00006C
__Hintentry                                              intentry     000000
__Hintret                                                intret       000000
__Hintsave_regs                                          intsave_regs 000000
__Hirdata                                                irdata       000000
__Hmediumconst                                           mediumconst  000000
__HnvCOMRAM                                              nvCOMRAM     000000
__HnvFARRAM                                              nvFARRAM     000000
__Hnvbit                                                 nvbit        000000
__Hnvrram                                                nvrram       000000
__Hparam                                                 rparam       000000
__Hpowerup                                               powerup      00006C
__Hram                                                   ram          000000
__Hramtop                                                ramtop       001000
__Hrbit                                                  rbit         000000
__Hrbss                                                  rbss         000000
__Hrdata                                                 rdata        000000
__Hreset_vec                                             reset_vec    000004
__Hrparam                                                rparam       000000
__Hsfr                                                   sfr          000000
__Hsmallconst                                            smallconst   001022
__Hspace_0                                               (abs)        001A67
__Hspace_1                                               (abs)        000053
__Hspace_2                                               (abs)        000000
__Hspace_4                                               (abs)        60000E
__Hstack                                                 stack        000000
__Hstruct                                                struct       000000
__Htemp                                                  temp         000053
__Htext                                                  text         000000
__Htext0                                                 text0        000000
__Htext1                                                 text1        000000
__Htext10                                                text10       000000
__Htext11                                                text11       000000
__Htext12                                                text12       000000
__Htext13                                                text13       000000
__Htext14                                                text14       000000
__Htext15                                                text15       000000
__Htext16                                                text16       000000
__Htext17                                                text17       000000
__Htext18                                                text18       000000
__Htext19                                                text19       000000
__Htext2                                                 text2        000000
__Htext20                                                text20       000000
__Htext21                                                text21       000000
__Htext22                                                text22       000000
__Htext23                                                text23       000000
__Htext24                                                text24       000000
__Htext25                                                text25       000000
__Htext26                                                text26       000000
__Htext27                                                text27       000000
__Htext28                                                text28       000000
__Htext29                                                text29       000000
__Htext3                                                 text3        000000
__Htext30                                                text30       000000
__Htext31                                                text31       000000
__Htext32                                                text32       000000
__Htext33                                                text33       000000
__Htext34                                                text34       000000
__Htext35                                                text35       000000
__Htext36                                                text36       000000
__Htext37                                                text37       000000
__Htext38                                                text38       000000
__Htext39                                                text39       000000
__Htext4                                                 text4        000000
__Htext40                                                text40       000000
__Htext41                                                text41       000000
__Htext42                                                text42       000000
__Htext43                                                text43       000000
__Htext44                                                text44       000000
__Htext45                                                text45       000000
__Htext46                                                text46       000000
__Htext47                                                text47       000000
__Htext48                                                text48       000000
__Htext49                                                text49       000000
__Htext5                                                 text5        000000
__Htext50                                                text50       000000
__Htext51                                                text51       000000
__Htext52                                                text52       000000
__Htext53                                                text53       000000
__Htext54                                                text54       000000
__Htext55                                                text55       000000
__Htext56                                                text56       000000
__Htext57                                                text57       000000
__Htext58                                                text58       000000
__Htext59                                                text59       000000
__Htext6                                                 text6        000000
__Htext60                                                text60       000000
__Htext61                                                text61       000000
__Htext62                                                text62       000000
__Htext63                                                text63       000000
__Htext7                                                 text7        000000
__Htext8                                                 text8        000000
__Htext9                                                 text9        000000
__LRAM                                                   (abs)        000001
__Labs1                                                  abs1         000000
__Lbank0                                                 bank0        000000
__Lbank1                                                 bank1        000000
__Lbank10                                                bank10       000000
__Lbank11                                                bank11       000000
__Lbank12                                                bank12       000000
__Lbank13                                                bank13       000000
__Lbank14                                                bank14       000000
__Lbank2                                                 bank2        000000
__Lbank3                                                 bank3        000000
__Lbank4                                                 bank4        000000
__Lbank5                                                 bank5        000000
__Lbank6                                                 bank6        000000
__Lbank7                                                 bank7        000000
__Lbank8                                                 bank8        000000
__Lbank9                                                 bank9        000000
__Lbigbss                                                bigbss       000000
__Lbigdata                                               bigdata      000000
__Lbigram                                                bigram       000000
__Lbigsfr                                                bigsfr       000000
__Lbss                                                   bss          000000
__LbssCOMRAM                                             bssCOMRAM    000000
__Lcinit                                                 cinit        000000
__Lclrtext                                               clrtext      000000
__Lcomram                                                comram       000000
__Lconfig                                                config       000000
__Lconst                                                 const        000000
__LcstackCOMRAM                                          cstackCOMRAM 000000
__Ldata                                                  data         000000
__LdataCOMRAM                                            dataCOMRAM   000000
__Leeprom_data                                           eeprom_data  000000
__Lfarbss                                                farbss       000000
__Lfardata                                               fardata      000000
__Lheap                                                  heap         000000
__Libigdata                                              ibigdata     000000
__Lidata                                                 idata        000000
__LidataCOMRAM                                           idataCOMRAM  000000
__Lidloc                                                 idloc        000000
__Lifardata                                              ifardata     000000
__Linit                                                  init         00006C
__Lintcode                                               intcode      000008
__Lintcode_body                                          intcode_body 000000
__Lintcodelo                                             intcodelo    00006C
__Lintentry                                              intentry     000000
__Lintret                                                intret       000000
__Lintsave_regs                                          intsave_regs 000000
__Lirdata                                                irdata       000000
__Lmediumconst                                           mediumconst  000000
__LnvCOMRAM                                              nvCOMRAM     000000
__LnvFARRAM                                              nvFARRAM     000000
__Lnvbit                                                 nvbit        000000
__Lnvrram                                                nvrram       000000
__Lparam                                                 rparam       000000
__Lpowerup                                               powerup      00006C
__Lram                                                   ram          000000
__Lramtop                                                ramtop       001000
__Lrbit                                                  rbit         000000
__Lrbss                                                  rbss         000000
__Lrdata                                                 rdata        000000
__Lreset_vec                                             reset_vec    000000
__Lrparam                                                rparam       000000
__Lsfr                                                   sfr          000000
__Lsmallconst                                            smallconst   001000
__Lspace_0                                               (abs)        000000
__Lspace_1                                               (abs)        000000
__Lspace_2                                               (abs)        000000
__Lspace_4                                               (abs)        000000
__Lstack                                                 stack        000000
__Lstruct                                                struct       000000
__Ltemp                                                  temp         000052
__Ltext                                                  text         000000
__Ltext0                                                 text0        000000
__Ltext1                                                 text1        000000
__Ltext10                                                text10       000000
__Ltext11                                                text11       000000
__Ltext12                                                text12       000000
__Ltext13                                                text13       000000
__Ltext14                                                text14       000000
__Ltext15                                                text15       000000
__Ltext16                                                text16       000000
__Ltext17                                                text17       000000
__Ltext18                                                text18       000000
__Ltext19                                                text19       000000
__Ltext2                                                 text2        000000
__Ltext20                                                text20       000000
__Ltext21                                                text21       000000
__Ltext22                                                text22       000000
__Ltext23                                                text23       000000
__Ltext24                                                text24       000000
__Ltext25                                                text25       000000
__Ltext26                                                text26       000000
__Ltext27                                                text27       000000
__Ltext28                                                text28       000000
__Ltext29                                                text29       000000
__Ltext3                                                 text3        000000
__Ltext30                                                text30       000000
__Ltext31                                                text31       000000
__Ltext32                                                text32       000000
__Ltext33                                                text33       000000
__Ltext34                                                text34       000000
__Ltext35                                                text35       000000
__Ltext36                                                text36       000000
__Ltext37                                                text37       000000
__Ltext38                                                text38       000000
__Ltext39                                                text39       000000
__Ltext4                                                 text4        000000
__Ltext40                                                text40       000000
__Ltext41                                                text41       000000
__Ltext42                                                text42       000000
__Ltext43                                                text43       000000
__Ltext44                                                text44       000000
__Ltext45                                                text45       000000
__Ltext46                                                text46       000000
__Ltext47                                                text47       000000
__Ltext48                                                text48       000000
__Ltext49                                                text49       000000
__Ltext5                                                 text5        000000
__Ltext50                                                text50       000000
__Ltext51                                                text51       000000
__Ltext52                                                text52       000000
__Ltext53                                                text53       000000
__Ltext54                                                text54       000000
__Ltext55                                                text55       000000
__Ltext56                                                text56       000000
__Ltext57                                                text57       000000
__Ltext58                                                text58       000000
__Ltext59                                                text59       000000
__Ltext6                                                 text6        000000
__Ltext60                                                text60       000000
__Ltext61                                                text61       000000
__Ltext62                                                text62       000000
__Ltext63                                                text63       000000
__Ltext7                                                 text7        000000
__Ltext8                                                 text8        000000
__Ltext9                                                 text9        000000
__S0                                                     (abs)        001A67
__S1                                                     (abs)        000053
__S4                                                     (abs)        000000
__S5                                                     (abs)        000000
___heap_hi                                               (abs)        000000
___heap_lo                                               (abs)        000000
___inthi_sp                                              stack        000000
___intlo_sp                                              stack        000000
___param_bank                                            (abs)        000000
___rparam_used                                           (abs)        000001
___sp                                                    stack        000000
__accesstop                                              (abs)        000060
__activetblptr                                           (abs)        000002
__end_of_EEPROM_Read                                     text12       00119E
__end_of_EEPROM_Write                                    text11       0014A8
__end_of_EUSART1_Initialize                              text4        0016CA
__end_of_EUSART1_SetErrorHandler                         text7        0019CE
__end_of_EUSART1_SetFramingErrorHandler                  text6        0019C4
__end_of_EUSART1_SetOverrunErrorHandler                  text5        0019BA
__end_of_EUSART1_Write                                   text10       001942
__end_of_I2C_CallbackReturnReset                         text42       001A48
__end_of_I2C_CallbackReturnStop                          text43       001A4C
__end_of_I2C_Close                                       text60       00188C
__end_of_I2C_DO_ADDRESS_NACK                             text19       001512
__end_of_I2C_DO_IDLE                                     text33       0019EC
__end_of_I2C_DO_RCEN                                     text28       0019E2
__end_of_I2C_DO_RESET                                    text20       0019D8
__end_of_I2C_DO_RX                                       text29       001244
__end_of_I2C_DO_RX_ACK                                   text23       001A04
__end_of_I2C_DO_RX_NACK_RESTART                          text21       0019F4
__end_of_I2C_DO_RX_NACK_STOP                             text22       0019FC
__end_of_I2C_DO_SEND_ADR_READ                            text32       0019B0
__end_of_I2C_DO_SEND_ADR_WRITE                           text31       0019A2
__end_of_I2C_DO_SEND_RESTART                             text25       001A14
__end_of_I2C_DO_SEND_RESTART_READ                        text27       001A24
__end_of_I2C_DO_SEND_RESTART_WRITE                       text26       001A1C
__end_of_I2C_DO_SEND_STOP                                text24       001A0C
__end_of_I2C_DO_TX                                       text30       0010E6
__end_of_I2C_DO_TX_EMPTY                                 text34       00134C
__end_of_I2C_MasterClearIrq                              text63       001A64
__end_of_I2C_MasterClose                                 text62       001A60
__end_of_I2C_MasterDisableIrq                            text61       001A5C
__end_of_I2C_MasterEnableRestart                         text58       001A54
__end_of_I2C_MasterFsm                                   text18       0015CA
__end_of_I2C_MasterGetRxData                             text39       001A40
__end_of_I2C_MasterIsNack                                text36       001956
__end_of_I2C_MasterOpen                                  text14       0018D6
__end_of_I2C_MasterOperation                             text15       00160C
__end_of_I2C_MasterSendAck                               text38       001A32
__end_of_I2C_MasterSendNack                              text40       001A38
__end_of_I2C_MasterSendTxData                            text37       001A2C
__end_of_I2C_MasterSetIrq                                text35       001A3C
__end_of_I2C_MasterStart                                 text59       001A58
__end_of_I2C_MasterStartRx                               text41       001A44
__end_of_I2C_MasterStop                                  text57       001A50
__end_of_I2C_MasterWaitForEvent                          text17       001978
__end_of_I2C_Open                                        text13       0012D0
__end_of_I2C_Poller                                      text16       001914
__end_of_I2C_SetBuffer                                   text56       0018F8
__end_of_I2C_SetCallback                                 text55       0013C6
__end_of_I2C_SetDataCompleteCallback                     text54       00192C
__end_of_INTERRUPT_InterruptManager                      intcode      00006C
__end_of_LCD_Clear                                       text9        001994
__end_of_LCD_Write                                       text8        00156E
__end_of_OSCILLATOR_Initialize                           text3        001968
__end_of_PIN_MANAGER_Initialize                          text2        0018B4
__end_of_SYSTEM_Initialize                               text1        001986
__end_of__initialization                                 cinit        0016F4
__end_of_i2c_fsmStateTable                               smallconst   001021
__end_of_main                                            text0        00143A
__end_of_rd1RegCompleteHandler                           text51       00180A
__end_of_rd1RegCompleteHandler@i2c_master_example$F145   text47       001786
__end_of_rd2RegCompleteHandler                           text50       0017DE
__end_of_rd2RegCompleteHandler@i2c_master_example$F156   text46       00175A
__end_of_rdBlkRegCompleteHandler                         text48       00168C
__end_of_rdBlkRegCompleteHandler@i2c_master_example$F179 text44       00164C
__end_of_wr1RegCompleteHandler                           text52       001836
__end_of_wr1RegCompleteHandler@i2c_master_example$F162   text45       00172E
__end_of_wr2RegCompleteHandler                           text49       0017B2
__end_of_wr2RegCompleteHandler@i2c_master_example$F168   text53       001862
__initialization                                         cinit        0016CA
__mediumconst                                            mediumconst  000000
__pbssCOMRAM                                             bssCOMRAM    000001
__pcinit                                                 cinit        0016CA
__pcstackCOMRAM                                          cstackCOMRAM 00002F
__pdataCOMRAM                                            dataCOMRAM   00004F
__pidataCOMRAM                                           idataCOMRAM  001A64
__pintcode                                               intcode      000008
__pnvCOMRAM                                              nvCOMRAM     000049
__psmallconst                                            smallconst   001000
__ptext0                                                 text0        0013C6
__ptext1                                                 text1        001978
__ptext10                                                text10       00192C
__ptext11                                                text11       00143A
__ptext12                                                text12       0010E6
__ptext13                                                text13       001244
__ptext14                                                text14       0018B4
__ptext15                                                text15       0015CA
__ptext16                                                text16       0018F8
__ptext17                                                text17       001968
__ptext18                                                text18       00156E
__ptext19                                                text19       0014A8
__ptext2                                                 text2        00188C
__ptext20                                                text20       0019CE
__ptext21                                                text21       0019EC
__ptext22                                                text22       0019F4
__ptext23                                                text23       0019FC
__ptext24                                                text24       001A04
__ptext25                                                text25       001A0C
__ptext26                                                text26       001A14
__ptext27                                                text27       001A1C
__ptext28                                                text28       0019D8
__ptext29                                                text29       00119E
__ptext3                                                 text3        001956
__ptext30                                                text30       001022
__ptext31                                                text31       001994
__ptext32                                                text32       0019A2
__ptext33                                                text33       0019E2
__ptext34                                                text34       0012D0
__ptext35                                                text35       001A38
__ptext36                                                text36       001942
__ptext37                                                text37       001A24
__ptext38                                                text38       001A2C
__ptext39                                                text39       001A3C
__ptext4                                                 text4        00168C
__ptext40                                                text40       001A32
__ptext41                                                text41       001A40
__ptext42                                                text42       001A44
__ptext43                                                text43       001A48
__ptext44                                                text44       00160C
__ptext45                                                text45       001702
__ptext46                                                text46       00172E
__ptext47                                                text47       00175A
__ptext48                                                text48       00164C
__ptext49                                                text49       001786
__ptext5                                                 text5        0019B0
__ptext50                                                text50       0017B2
__ptext51                                                text51       0017DE
__ptext52                                                text52       00180A
__ptext53                                                text53       001836
__ptext54                                                text54       001914
__ptext55                                                text55       00134C
__ptext56                                                text56       0018D6
__ptext57                                                text57       001A4C
__ptext58                                                text58       001A50
__ptext59                                                text59       001A54
__ptext6                                                 text6        0019BA
__ptext60                                                text60       001862
__ptext61                                                text61       001A58
__ptext62                                                text62       001A5C
__ptext63                                                text63       001A60
__ptext7                                                 text7        0019C4
__ptext8                                                 text8        001512
__ptext9                                                 text9        001986
__ramtop                                                 ramtop       001000
__smallconst                                             smallconst   001000
_eusart1RxLastError                                      bssCOMRAM    00002E
_i2c_fsmStateTable                                       smallconst   001001
_main                                                    text0        0013C6
_rd1RegCompleteHandler                                   text51       0017DE
_rd1RegCompleteHandler@i2c_master_example$F145           text47       00175A
_rd2RegCompleteHandler                                   text50       0017B2
_rd2RegCompleteHandler@i2c_master_example$F156           text46       00172E
_rdBlkRegCompleteHandler                                 text48       00164C
_rdBlkRegCompleteHandler@i2c_master_example$F179         text44       00160C
_timer1ReloadVal                                         bssCOMRAM    000028
_wr1RegCompleteHandler                                   text52       00180A
_wr1RegCompleteHandler@i2c_master_example$F162           text45       001702
_wr2RegCompleteHandler                                   text49       001786
_wr2RegCompleteHandler@i2c_master_example$F168           text53       001836
btemp                                                    temp         000052
end_of_initialization                                    cinit        0016F4
int$flags                                                temp         000052
intlevel0                                                text         000000
intlevel1                                                text         000000
intlevel2                                                text         000000
intlevel3                                                text         000000
isa$std                                                  (abs)        000001
isa$xinst                                                (abs)        000000
main@F12652                                              dataCOMRAM   00004F
main@message                                             cstackCOMRAM 000046
rd1RegCompleteHandler@i2c_master_example$F145@ptr        cstackCOMRAM 000038
rd1RegCompleteHandler@p                                  cstackCOMRAM 000038
rd2RegCompleteHandler@i2c_master_example$F156@ptr        cstackCOMRAM 000038
rd2RegCompleteHandler@p                                  cstackCOMRAM 000038
rdBlkRegCompleteHandler@i2c_master_example$F179@ptr      cstackCOMRAM 000038
rdBlkRegCompleteHandler@p                                cstackCOMRAM 000038
stackhi                                                  (abs)        000000
stacklo                                                  (abs)        000000
start                                                    init         00006C
start_initialization                                     cinit        0016CA
ttemp5                                                   temp         000053
ttemp6                                                   temp         000056
ttemp7                                                   temp         00005A
wr1RegCompleteHandler@i2c_master_example$F162@ptr        cstackCOMRAM 000038
wr1RegCompleteHandler@p                                  cstackCOMRAM 000038
wr2RegCompleteHandler@i2c_master_example$F168@ptr        cstackCOMRAM 000038
wr2RegCompleteHandler@p                                  cstackCOMRAM 000038
wtemp8                                                   temp         000053


MODULE INFORMATION

Module		Function		Class		Link	Load	Size
mcc_generated_files/interrupt_manager.c
		_INTERRUPT_InterruptManager		CODE           	0008	0000	100

mcc_generated_files/interrupt_manager.c estimated size: 100

mcc_generated_files/examples/i2c_master_example.c
		_rdBlkRegCompleteHandler@i2c_master_example$F179		CODE           	160C	0000	64
		_rd1RegCompleteHandler@i2c_master_example$F145		CODE           	175A	0000	44
		_rd2RegCompleteHandler@i2c_master_example$F156		CODE           	172E	0000	44
		_wr1RegCompleteHandler@i2c_master_example$F162		CODE           	1702	0000	44
		_wr2RegCompleteHandler@i2c_master_example$F168		CODE           	1836	0000	44

mcc_generated_files/examples/i2c_master_example.c estimated size: 240

mcc_generated_files/pin_manager.c
		_PIN_MANAGER_Initialize		CODE           	188C	0000	40

mcc_generated_files/pin_manager.c estimated size: 40

mcc_generated_files/drivers/i2c_simple_master.c
		_wr1RegCompleteHandler		CODE           	180A	0000	44
		_wr2RegCompleteHandler		CODE           	1786	0000	44
		_rdBlkRegCompleteHandler		CODE           	164C	0000	64
		_rd1RegCompleteHandler		CODE           	17DE	0000	44
		_rd2RegCompleteHandler		CODE           	17B2	0000	44

mcc_generated_files/drivers/i2c_simple_master.c estimated size: 240

shared
		__initialization		CODE           	16CA	0000	42
		_i2c_fsmStateTable		SMALLCONST     	1001	0000	32

shared estimated size: 74

mcc_generated_files/eusart1.c
		_EUSART1_Initialize		CODE           	168C	0000	62
		_EUSART1_SetFramingErrorHandler		CODE           	19BA	0000	10
		_EUSART1_SetOverrunErrorHandler		CODE           	19B0	0000	10
		_EUSART1_SetErrorHandler		CODE           	19C4	0000	10
		_EUSART1_Write 		CODE           	192C	0000	22

mcc_generated_files/eusart1.c estimated size: 114

mcc_generated_files/mcc.c
		_OSCILLATOR_Initialize		CODE           	1956	0000	18
		_SYSTEM_Initialize		CODE           	1978	0000	14

mcc_generated_files/mcc.c estimated size: 32

mcc_generated_files/i2c_master.c
		_I2C_Close     		CODE           	1862	0000	42
		_I2C_MasterStartRx		CODE           	1A40	0000	4
		_I2C_DO_SEND_ADR_WRITE		CODE           	1994	0000	14
		_I2C_MasterWaitForEvent		CODE           	1968	0000	16
		_I2C_DO_SEND_STOP		CODE           	1A04	0000	8
		_I2C_MasterSendNack		CODE           	1A32	0000	6
		_I2C_MasterDisableIrq		CODE           	1A58	0000	4
		_I2C_CallbackReturnStop		CODE           	1A48	0000	4
		_I2C_MasterOperation		CODE           	15CA	0000	66
		_I2C_DO_SEND_ADR_READ		CODE           	19A2	0000	14
		_I2C_DO_RX_NACK_STOP		CODE           	19F4	0000	8
		_I2C_DO_SEND_RESTART		CODE           	1A0C	0000	8
		_I2C_DO_RX     		CODE           	119E	0000	166
		_I2C_DO_TX     		CODE           	1022	0000	196
		_I2C_DO_IDLE   		CODE           	19E2	0000	10
		_I2C_DO_RCEN   		CODE           	19D8	0000	10
		_I2C_Poller    		CODE           	18F8	0000	28
		_I2C_DO_RESET  		CODE           	19CE	0000	10
		_I2C_MasterClose		CODE           	1A5C	0000	4
		_I2C_DO_RX_ACK 		CODE           	19FC	0000	8
		_I2C_MasterStart		CODE           	1A54	0000	4
		_I2C_MasterClearIrq		CODE           	1A60	0000	4
		_I2C_MasterGetRxData		CODE           	1A3C	0000	4
		_I2C_SetCallback		CODE           	134C	0000	122
		_I2C_DO_ADDRESS_NACK		CODE           	14A8	0000	106
		_I2C_MasterEnableRestart		CODE           	1A50	0000	4
		_I2C_CallbackReturnReset		CODE           	1A44	0000	4
		_I2C_Open      		CODE           	1244	0000	140
		_I2C_DO_TX_EMPTY		CODE           	12D0	0000	124
		_I2C_DO_SEND_RESTART_WRITE		CODE           	1A14	0000	8
		_I2C_MasterIsNack		CODE           	1942	0000	20
		_I2C_SetDataCompleteCallback		CODE           	1914	0000	24
		_I2C_DO_RX_NACK_RESTART		CODE           	19EC	0000	8
		_I2C_MasterSendAck		CODE           	1A2C	0000	6
		_I2C_MasterFsm 		CODE           	156E	0000	92
		_I2C_MasterSetIrq		CODE           	1A38	0000	4
		_I2C_DO_SEND_RESTART_READ		CODE           	1A1C	0000	8
		_I2C_SetBuffer 		CODE           	18D6	0000	34
		_I2C_MasterOpen		CODE           	18B4	0000	34
		_I2C_MasterSendTxData		CODE           	1A24	0000	8
		_I2C_MasterStop		CODE           	1A4C	0000	4

mcc_generated_files/i2c_master.c estimated size: 1388

main.c
		_EEPROM_Read   		CODE           	10E6	0000	184
		_EEPROM_Write  		CODE           	143A	0000	110
		_main          		CODE           	13C6	0000	116
		_LCD_Clear     		CODE           	1986	0000	14
		_LCD_Write     		CODE           	1512	0000	92

main.c estimated size: 516

